fashionMENJackets_Vestsid0000065304_1front.jpg
fashionMENJackets_Vestsid0000065304_2side.jpg
fashionMENJackets_Vestsid0000065304_3back.jpg
fashionMENJackets_Vestsid0000065304_4full.jpg
fashionMENJackets_Vestsid0000065304_7additional.jpg
fashionMENJackets_Vestsid0000401403_1front.jpg
fashionMENJackets_Vestsid0000401403_2side.jpg
fashionMENJackets_Vestsid0000401403_3back.jpg
fashionMENJackets_Vestsid0000401403_4full.jpg
fashionMENJackets_Vestsid0000401403_6flat.jpg
fashionMENJackets_Vestsid0000401403_7additional.jpg
fashionMENPantsid0000249302_1front.jpg
fashionMENPantsid0000249302_2side.jpg
fashionMENPantsid0000249302_3back.jpg
fashionMENPantsid0000249302_7additional.jpg
fashionMENShirts_Polosid0000451401_1front.jpg
fashionMENShirts_Polosid0000451401_2side.jpg
fashionMENShirts_Polosid0000451401_3back.jpg
fashionMENShirts_Polosid0000451401_4full.jpg
fashionMENShirts_Polosid0000451401_7additional.jpg
fashionMENShirts_Polosid0000541703_1front.jpg
fashionMENShirts_Polosid0000541703_2side.jpg
fashionMENShirts_Polosid0000541703_3back.jpg
fashionMENShirts_Polosid0000541703_4full.jpg
fashionMENShirts_Polosid0000541703_6flat.jpg
fashionMENShirts_Polosid0000541703_7additional.jpg
fashionMENShortsid0000069706_1front.jpg
fashionMENShortsid0000069706_2side.jpg
fashionMENShortsid0000069706_3back.jpg
fashionMENShortsid0000069706_7additional.jpg
fashionMENShortsid0000424911_1front.jpg
fashionMENShortsid0000424911_2side.jpg
fashionMENShortsid0000424911_3back.jpg
fashionMENShortsid0000424911_4full.jpg
fashionMENShortsid0000424911_7additional.jpg
fashionMENSweatersid0000321602_1front.jpg
fashionMENSweatersid0000321602_2side.jpg
fashionMENSweatersid0000321602_3back.jpg
fashionMENSweatersid0000321602_6flat.jpg
fashionMENSweatersid0000321602_7additional.jpg
fashionMENSweatersid0000339301_1front.jpg
fashionMENSweatersid0000339301_2side.jpg
fashionMENSweatersid0000339301_3back.jpg
fashionMENSweatersid0000339301_4full.jpg
fashionMENSweatersid0000339301_6flat.jpg
fashionMENSweatersid0000339301_7additional.jpg
fashionMENSweatersid0000443602_1front.jpg
fashionMENSweatersid0000443602_2side.jpg
fashionMENSweatersid0000443602_4full.jpg
fashionMENSweatersid0000443602_7additional.jpg
fashionMENSweatersid0000681203_1front.jpg
fashionMENSweatersid0000681203_2side.jpg
fashionMENSweatersid0000681203_3back.jpg
fashionMENSweatersid0000681203_4full.jpg
fashionMENSweatersid0000681203_7additional.jpg
fashionMENSweatshirts_Hoodiesid0000088102_1front.jpg
fashionMENSweatshirts_Hoodiesid0000088102_2side.jpg
fashionMENSweatshirts_Hoodiesid0000088102_4full.jpg
fashionMENSweatshirts_Hoodiesid0000088102_7additional.jpg
fashionMENSweatshirts_Hoodiesid0000173001_1front.jpg
fashionMENSweatshirts_Hoodiesid0000173001_3back.jpg
fashionMENSweatshirts_Hoodiesid0000173001_4full.jpg
fashionMENSweatshirts_Hoodiesid0000173001_7additional.jpg
fashionMENSweatshirts_Hoodiesid0000385303_1front.jpg
fashionMENSweatshirts_Hoodiesid0000385303_2side.jpg
fashionMENSweatshirts_Hoodiesid0000385303_3back.jpg
fashionMENSweatshirts_Hoodiesid0000385303_4full.jpg
fashionMENSweatshirts_Hoodiesid0000385303_7additional.jpg
fashionMENSweatshirts_Hoodiesid0000464907_1front.jpg
fashionMENSweatshirts_Hoodiesid0000464907_2side.jpg
fashionMENSweatshirts_Hoodiesid0000464907_3back.jpg
fashionMENSweatshirts_Hoodiesid0000464907_7additional.jpg
fashionMENTees_Tanksid0000016602_1front.jpg
fashionMENTees_Tanksid0000016602_2side.jpg
fashionMENTees_Tanksid0000016602_3back.jpg
fashionMENTees_Tanksid0000016602_4full.jpg
fashionMENTees_Tanksid0000016602_7additional.jpg
fashionMENTees_Tanksid0000518801_1front.jpg
fashionMENTees_Tanksid0000518801_2side.jpg
fashionMENTees_Tanksid0000518801_3back.jpg
fashionMENTees_Tanksid0000518801_4full.jpg
fashionMENTees_Tanksid0000518801_6flat.jpg
fashionMENTees_Tanksid0000595506_1front.jpg
fashionMENTees_Tanksid0000595506_2side.jpg
fashionMENTees_Tanksid0000595506_4full.jpg
fashionMENTees_Tanksid0000595506_7additional.jpg
fashionMENTees_Tanksid0000598201_1front.jpg
fashionMENTees_Tanksid0000598201_2side.jpg
fashionMENTees_Tanksid0000598201_3back.jpg
fashionMENTees_Tanksid0000675601_1front.jpg
fashionMENTees_Tanksid0000675601_2side.jpg
fashionMENTees_Tanksid0000675601_3back.jpg
fashionMENTees_Tanksid0000675601_7additional.jpg
fashionMENTees_Tanksid0000746612_1front.jpg
fashionMENTees_Tanksid0000746612_2side.jpg
fashionMENTees_Tanksid0000746612_3back.jpg
fashionMENTees_Tanksid0000746612_7additional.jpg
fashionMENTees_Tanksid0000756301_1front.jpg
fashionMENTees_Tanksid0000756301_3back.jpg
fashionMENTees_Tanksid0000756301_4full.jpg
fashionMENTees_Tanksid0000756301_7additional.jpg
fashionWOMENBlouses_Shirtsid0000072703_1front.jpg
fashionWOMENBlouses_Shirtsid0000072703_3back.jpg
fashionWOMENBlouses_Shirtsid0000072703_4full.jpg
fashionWOMENBlouses_Shirtsid0000072703_7additional.jpg
fashionWOMENBlouses_Shirtsid0000074003_1front.jpg
fashionWOMENBlouses_Shirtsid0000074003_2side.jpg
fashionWOMENBlouses_Shirtsid0000074003_3back.jpg
fashionWOMENBlouses_Shirtsid0000074003_4full.jpg
fashionWOMENBlouses_Shirtsid0000142105_1front.jpg
fashionWOMENBlouses_Shirtsid0000142105_2side.jpg
fashionWOMENBlouses_Shirtsid0000142105_7additional.jpg
fashionWOMENBlouses_Shirtsid0000155302_1front.jpg
fashionWOMENBlouses_Shirtsid0000155302_2side.jpg
fashionWOMENBlouses_Shirtsid0000155302_4full.jpg
fashionWOMENBlouses_Shirtsid0000155302_7additional.jpg
fashionWOMENBlouses_Shirtsid0000184004_1front.jpg
fashionWOMENBlouses_Shirtsid0000184004_2side.jpg
fashionWOMENBlouses_Shirtsid0000184004_3back.jpg
fashionWOMENBlouses_Shirtsid0000184004_4full.jpg
fashionWOMENBlouses_Shirtsid0000191001_1front.jpg
fashionWOMENBlouses_Shirtsid0000191001_2side.jpg
fashionWOMENBlouses_Shirtsid0000191001_3back.jpg
fashionWOMENBlouses_Shirtsid0000191001_7additional.jpg
fashionWOMENBlouses_Shirtsid0000198103_1front.jpg
fashionWOMENBlouses_Shirtsid0000198103_2side.jpg
fashionWOMENBlouses_Shirtsid0000198103_3back.jpg
fashionWOMENBlouses_Shirtsid0000198103_7additional.jpg
fashionWOMENBlouses_Shirtsid0000291003_1front.jpg
fashionWOMENBlouses_Shirtsid0000291003_3back.jpg
fashionWOMENBlouses_Shirtsid0000291003_7additional.jpg
fashionWOMENBlouses_Shirtsid0000303602_1front.jpg
fashionWOMENBlouses_Shirtsid0000303602_3back.jpg
fashionWOMENBlouses_Shirtsid0000303602_7additional.jpg
fashionWOMENBlouses_Shirtsid0000340601_1front.jpg
fashionWOMENBlouses_Shirtsid0000340601_2side.jpg
fashionWOMENBlouses_Shirtsid0000340601_3back.jpg
fashionWOMENBlouses_Shirtsid0000340601_4full.jpg
fashionWOMENBlouses_Shirtsid0000347501_1front.jpg
fashionWOMENBlouses_Shirtsid0000347501_2side.jpg
fashionWOMENBlouses_Shirtsid0000347501_3back.jpg
fashionWOMENBlouses_Shirtsid0000347501_7additional.jpg
fashionWOMENBlouses_Shirtsid0000380204_1front.jpg
fashionWOMENBlouses_Shirtsid0000380204_2side.jpg
fashionWOMENBlouses_Shirtsid0000380204_3back.jpg
fashionWOMENBlouses_Shirtsid0000380204_4full.jpg
fashionWOMENBlouses_Shirtsid0000380204_6flat.jpg
fashionWOMENBlouses_Shirtsid0000396413_1front.jpg
fashionWOMENBlouses_Shirtsid0000396413_2side.jpg
fashionWOMENBlouses_Shirtsid0000396413_3back.jpg
fashionWOMENBlouses_Shirtsid0000396413_4full.jpg
fashionWOMENBlouses_Shirtsid0000396413_7additional.jpg
fashionWOMENBlouses_Shirtsid0000503402_1front.jpg
fashionWOMENBlouses_Shirtsid0000503402_2side.jpg
fashionWOMENBlouses_Shirtsid0000503402_4full.jpg
fashionWOMENBlouses_Shirtsid0000503402_7additional.jpg
fashionWOMENBlouses_Shirtsid0000539304_1front.jpg
fashionWOMENBlouses_Shirtsid0000539304_2side.jpg
fashionWOMENBlouses_Shirtsid0000539304_3back.jpg
fashionWOMENBlouses_Shirtsid0000539304_4full.jpg
fashionWOMENBlouses_Shirtsid0000539304_7additional.jpg
fashionWOMENBlouses_Shirtsid0000541603_1front.jpg
fashionWOMENBlouses_Shirtsid0000541603_2side.jpg
fashionWOMENBlouses_Shirtsid0000541603_4full.jpg
fashionWOMENBlouses_Shirtsid0000541603_7additional.jpg
fashionWOMENBlouses_Shirtsid0000592601_1front.jpg
fashionWOMENBlouses_Shirtsid0000592601_2side.jpg
fashionWOMENBlouses_Shirtsid0000592601_3back.jpg
fashionWOMENBlouses_Shirtsid0000592601_4full.jpg
fashionWOMENBlouses_Shirtsid0000592601_7additional.jpg
fashionWOMENBlouses_Shirtsid0000635004_1front.jpg
fashionWOMENBlouses_Shirtsid0000635004_3back.jpg
fashionWOMENBlouses_Shirtsid0000635004_7additional.jpg
fashionWOMENBlouses_Shirtsid0000660605_1front.jpg
fashionWOMENBlouses_Shirtsid0000660605_2side.jpg
fashionWOMENBlouses_Shirtsid0000660605_4full.jpg
fashionWOMENBlouses_Shirtsid0000660605_7additional.jpg
fashionWOMENBlouses_Shirtsid0000660608_1front.jpg
fashionWOMENBlouses_Shirtsid0000660608_2side.jpg
fashionWOMENBlouses_Shirtsid0000660608_7additional.jpg
fashionWOMENBlouses_Shirtsid0000723001_1front.jpg
fashionWOMENBlouses_Shirtsid0000723001_2side.jpg
fashionWOMENBlouses_Shirtsid0000723001_7additional.jpg
fashionWOMENBlouses_Shirtsid0000749805_1front.jpg
fashionWOMENBlouses_Shirtsid0000749805_3back.jpg
fashionWOMENBlouses_Shirtsid0000749805_7additional.jpg
fashionWOMENBlouses_Shirtsid0000773505_1front.jpg
fashionWOMENBlouses_Shirtsid0000773505_2side.jpg
fashionWOMENBlouses_Shirtsid0000773505_3back.jpg
fashionWOMENBlouses_Shirtsid0000773505_4full.jpg
fashionWOMENBlouses_Shirtsid0000773505_7additional.jpg
fashionWOMENCardigansid0000011903_1front.jpg
fashionWOMENCardigansid0000011903_2side.jpg
fashionWOMENCardigansid0000011903_3back.jpg
fashionWOMENCardigansid0000011903_4full.jpg
fashionWOMENCardigansid0000011903_7additional.jpg
fashionWOMENCardigansid0000028401_1front.jpg
fashionWOMENCardigansid0000028401_3back.jpg
fashionWOMENCardigansid0000028401_7additional.jpg
fashionWOMENCardigansid0000136902_1front.jpg
fashionWOMENCardigansid0000136902_2side.jpg
fashionWOMENCardigansid0000136902_3back.jpg
fashionWOMENCardigansid0000136902_7additional.jpg
fashionWOMENCardigansid0000380502_1front.jpg
fashionWOMENCardigansid0000380502_2side.jpg
fashionWOMENCardigansid0000380502_3back.jpg
fashionWOMENCardigansid0000380502_7additional.jpg
fashionWOMENCardigansid0000481505_1front.jpg
fashionWOMENCardigansid0000481505_2side.jpg
fashionWOMENCardigansid0000481505_3back.jpg
fashionWOMENCardigansid0000481505_4full.jpg
fashionWOMENCardigansid0000626601_1front.jpg
fashionWOMENCardigansid0000626601_2side.jpg
fashionWOMENCardigansid0000626601_3back.jpg
fashionWOMENCardigansid0000626601_7additional.jpg
fashionWOMENCardigansid0000632102_1front.jpg
fashionWOMENCardigansid0000632102_2side.jpg
fashionWOMENCardigansid0000632102_3back.jpg
fashionWOMENCardigansid0000632102_4full.jpg
fashionWOMENDenimid0000297101_1front.jpg
fashionWOMENDenimid0000297101_2side.jpg
fashionWOMENDenimid0000297101_3back.jpg
fashionWOMENDenimid0000297101_7additional.jpg
fashionWOMENDressesid0000038806_1front.jpg
fashionWOMENDressesid0000038806_2side.jpg
fashionWOMENDressesid0000038806_4full.jpg
fashionWOMENDressesid0000038806_7additional.jpg
fashionWOMENDressesid0000043602_1front.jpg
fashionWOMENDressesid0000043602_2side.jpg
fashionWOMENDressesid0000043602_3back.jpg
fashionWOMENDressesid0000043602_4full.jpg
fashionWOMENDressesid0000043602_7additional.jpg
fashionWOMENDressesid0000056902_1front.jpg
fashionWOMENDressesid0000056902_3back.jpg
fashionWOMENDressesid0000056902_7additional.jpg
fashionWOMENDressesid0000080304_1front.jpg
fashionWOMENDressesid0000080304_2side.jpg
fashionWOMENDressesid0000080304_3back.jpg
fashionWOMENDressesid0000080304_4full.jpg
fashionWOMENDressesid0000141404_1front.jpg
fashionWOMENDressesid0000141404_2side.jpg
fashionWOMENDressesid0000141404_7additional.jpg
fashionWOMENDressesid0000157206_1front.jpg
fashionWOMENDressesid0000157206_2side.jpg
fashionWOMENDressesid0000157206_4full.jpg
fashionWOMENDressesid0000161001_1front.jpg
fashionWOMENDressesid0000161001_3back.jpg
fashionWOMENDressesid0000161001_7additional.jpg
fashionWOMENDressesid0000223202_1front.jpg
fashionWOMENDressesid0000223202_2side.jpg
fashionWOMENDressesid0000223202_7additional.jpg
fashionWOMENDressesid0000230602_1front.jpg
fashionWOMENDressesid0000230602_3back.jpg
fashionWOMENDressesid0000230602_7additional.jpg
fashionWOMENDressesid0000326401_1front.jpg
fashionWOMENDressesid0000326401_2side.jpg
fashionWOMENDressesid0000326401_7additional.jpg
fashionWOMENDressesid0000370504_1front.jpg
fashionWOMENDressesid0000370504_2side.jpg
fashionWOMENDressesid0000370504_3back.jpg
fashionWOMENDressesid0000370504_4full.jpg
fashionWOMENDressesid0000401806_1front.jpg
fashionWOMENDressesid0000401806_2side.jpg
fashionWOMENDressesid0000401806_4full.jpg
fashionWOMENDressesid0000453602_1front.jpg
fashionWOMENDressesid0000453602_2side.jpg
fashionWOMENDressesid0000453602_3back.jpg
fashionWOMENDressesid0000453602_4full.jpg
fashionWOMENDressesid0000455102_1front.jpg
fashionWOMENDressesid0000455102_3back.jpg
fashionWOMENDressesid0000455102_7additional.jpg
fashionWOMENDressesid0000483401_1front.jpg
fashionWOMENDressesid0000483401_2side.jpg
fashionWOMENDressesid0000483401_3back.jpg
fashionWOMENDressesid0000483401_7additional.jpg
fashionWOMENDressesid0000514701_1front.jpg
fashionWOMENDressesid0000514701_3back.jpg
fashionWOMENDressesid0000514701_7additional.jpg
fashionWOMENDressesid0000530901_1front.jpg
fashionWOMENDressesid0000530901_2side.jpg
fashionWOMENDressesid0000530901_7additional.jpg
fashionWOMENDressesid0000545703_1front.jpg
fashionWOMENDressesid0000545703_3back.jpg
fashionWOMENDressesid0000545703_7additional.jpg
fashionWOMENDressesid0000556409_1front.jpg
fashionWOMENDressesid0000556409_2side.jpg
fashionWOMENDressesid0000556409_3back.jpg
fashionWOMENDressesid0000556409_7additional.jpg
fashionWOMENDressesid0000611501_1front.jpg
fashionWOMENDressesid0000611501_2side.jpg
fashionWOMENDressesid0000611501_4full.jpg
fashionWOMENDressesid0000611501_7additional.jpg
fashionWOMENDressesid0000616904_1front.jpg
fashionWOMENDressesid0000616904_2side.jpg
fashionWOMENDressesid0000616904_7additional.jpg
fashionWOMENDressesid0000713204_1front.jpg
fashionWOMENDressesid0000713204_2side.jpg
fashionWOMENDressesid0000713204_3back.jpg
fashionWOMENDressesid0000713204_4full.jpg
fashionWOMENDressesid0000715402_1front.jpg
fashionWOMENDressesid0000715402_2side.jpg
fashionWOMENDressesid0000715402_3back.jpg
fashionWOMENDressesid0000715402_4full.jpg
fashionWOMENDressesid0000715402_7additional.jpg
fashionWOMENDressesid0000749705_1front.jpg
fashionWOMENDressesid0000749705_2side.jpg
fashionWOMENDressesid0000749705_3back.jpg
fashionWOMENDressesid0000749705_7additional.jpg
fashionWOMENDressesid0000778507_1front.jpg
fashionWOMENDressesid0000778507_2side.jpg
fashionWOMENDressesid0000778507_3back.jpg
fashionWOMENDressesid0000778507_7additional.jpg
fashionWOMENDressesid0000793401_1front.jpg
fashionWOMENDressesid0000793401_3back.jpg
fashionWOMENDressesid0000793401_7additional.jpg
fashionWOMENGraphic_Teesid0000116801_1front.jpg
fashionWOMENGraphic_Teesid0000232201_7additional.jpg
fashionWOMENGraphic_Teesid0000353302_1front.jpg
fashionWOMENGraphic_Teesid0000353302_2side.jpg
fashionWOMENGraphic_Teesid0000353302_3back.jpg
fashionWOMENGraphic_Teesid0000353302_4full.jpg
fashionWOMENGraphic_Teesid0000353302_7additional.jpg
fashionWOMENGraphic_Teesid0000374701_1front.jpg
fashionWOMENGraphic_Teesid0000374701_2side.jpg
fashionWOMENGraphic_Teesid0000374701_3back.jpg
fashionWOMENGraphic_Teesid0000374701_4full.jpg
fashionWOMENGraphic_Teesid0000374701_7additional.jpg
fashionWOMENGraphic_Teesid0000403601_1front.jpg
fashionWOMENGraphic_Teesid0000403601_2side.jpg
fashionWOMENGraphic_Teesid0000403601_3back.jpg
fashionWOMENGraphic_Teesid0000403601_4full.jpg
fashionWOMENGraphic_Teesid0000403601_7additional.jpg
fashionWOMENGraphic_Teesid0000419501_1front.jpg
fashionWOMENGraphic_Teesid0000419501_2side.jpg
fashionWOMENGraphic_Teesid0000419501_3back.jpg
fashionWOMENGraphic_Teesid0000419501_7additional.jpg
fashionWOMENGraphic_Teesid0000691801_1front.jpg
fashionWOMENGraphic_Teesid0000691801_2side.jpg
fashionWOMENGraphic_Teesid0000691801_3back.jpg
fashionWOMENGraphic_Teesid0000691801_4full.jpg
fashionWOMENGraphic_Teesid0000691801_7additional.jpg
fashionWOMENJackets_Coatsid0000016301_1front.jpg
fashionWOMENJackets_Coatsid0000016301_3back.jpg
fashionWOMENJackets_Coatsid0000016301_4full.jpg
fashionWOMENJackets_Coatsid0000016301_7additional.jpg
fashionWOMENJackets_Coatsid0000018710_1front.jpg
fashionWOMENJackets_Coatsid0000018710_2side.jpg
fashionWOMENJackets_Coatsid0000018710_3back.jpg
fashionWOMENJackets_Coatsid0000018710_4full.jpg
fashionWOMENJackets_Coatsid0000018710_7additional.jpg
fashionWOMENJackets_Coatsid0000056302_1front.jpg
fashionWOMENJackets_Coatsid0000056302_3back.jpg
fashionWOMENJackets_Coatsid0000056302_4full.jpg
fashionWOMENJackets_Coatsid0000056302_7additional.jpg
fashionWOMENJackets_Coatsid0000166402_1front.jpg
fashionWOMENJackets_Coatsid0000166402_2side.jpg
fashionWOMENJackets_Coatsid0000166402_3back.jpg
fashionWOMENJackets_Coatsid0000166402_7additional.jpg
fashionWOMENJackets_Coatsid0000263602_1front.jpg
fashionWOMENJackets_Coatsid0000263602_2side.jpg
fashionWOMENJackets_Coatsid0000263602_3back.jpg
fashionWOMENJackets_Coatsid0000263602_7additional.jpg
fashionWOMENJackets_Coatsid0000385804_1front.jpg
fashionWOMENJackets_Coatsid0000385804_3back.jpg
fashionWOMENJackets_Coatsid0000385804_4full.jpg
fashionWOMENJackets_Coatsid0000385804_7additional.jpg
fashionWOMENJackets_Coatsid0000425604_1front.jpg
fashionWOMENJackets_Coatsid0000425604_2side.jpg
fashionWOMENJackets_Coatsid0000425604_4full.jpg
fashionWOMENJackets_Coatsid0000425604_7additional.jpg
fashionWOMENJackets_Coatsid0000523405_1front.jpg
fashionWOMENJackets_Coatsid0000523405_2side.jpg
fashionWOMENJackets_Coatsid0000523405_7additional.jpg
fashionWOMENJackets_Coatsid0000602801_1front.jpg
fashionWOMENJackets_Coatsid0000602801_3back.jpg
fashionWOMENJackets_Coatsid0000602801_7additional.jpg
fashionWOMENJackets_Coatsid0000649903_1front.jpg
fashionWOMENJackets_Coatsid0000649903_2side.jpg
fashionWOMENJackets_Coatsid0000649903_3back.jpg
fashionWOMENJackets_Coatsid0000649903_7additional.jpg
fashionWOMENJackets_Coatsid0000781405_1front.jpg
fashionWOMENJackets_Coatsid0000781405_3back.jpg
fashionWOMENJackets_Coatsid0000781405_7additional.jpg
fashionWOMENPantsid0000328402_1front.jpg
fashionWOMENPantsid0000328402_3back.jpg
fashionWOMENPantsid0000328402_7additional.jpg
fashionWOMENPantsid0000376101_1front.jpg
fashionWOMENPantsid0000376101_2side.jpg
fashionWOMENPantsid0000376101_3back.jpg
fashionWOMENPantsid0000376101_7additional.jpg
fashionWOMENPantsid0000382902_1front.jpg
fashionWOMENPantsid0000382902_2side.jpg
fashionWOMENPantsid0000382902_3back.jpg
fashionWOMENPantsid0000382902_4full.jpg
fashionWOMENPantsid0000382902_7additional.jpg
fashionWOMENPantsid0000425306_1front.jpg
fashionWOMENPantsid0000425306_2side.jpg
fashionWOMENPantsid0000425306_3back.jpg
fashionWOMENPantsid0000425306_7additional.jpg
fashionWOMENPantsid0000768207_1front.jpg
fashionWOMENPantsid0000768207_2side.jpg
fashionWOMENPantsid0000768207_3back.jpg
fashionWOMENPantsid0000768207_7additional.jpg
fashionWOMENRompers_Jumpsuitsid0000003302_1front.jpg
fashionWOMENRompers_Jumpsuitsid0000003302_2side.jpg
fashionWOMENRompers_Jumpsuitsid0000003302_3back.jpg
fashionWOMENRompers_Jumpsuitsid0000003302_7additional.jpg
fashionWOMENRompers_Jumpsuitsid0000031402_1front.jpg
fashionWOMENRompers_Jumpsuitsid0000031402_2side.jpg
fashionWOMENRompers_Jumpsuitsid0000031402_3back.jpg
fashionWOMENRompers_Jumpsuitsid0000031402_4full.jpg
fashionWOMENRompers_Jumpsuitsid0000031402_7additional.jpg
fashionWOMENRompers_Jumpsuitsid0000045701_1front.jpg
fashionWOMENRompers_Jumpsuitsid0000045701_2side.jpg
fashionWOMENRompers_Jumpsuitsid0000045701_7additional.jpg
fashionWOMENRompers_Jumpsuitsid0000055402_1front.jpg
fashionWOMENRompers_Jumpsuitsid0000055402_2side.jpg
fashionWOMENRompers_Jumpsuitsid0000055402_3back.jpg
fashionWOMENRompers_Jumpsuitsid0000055402_7additional.jpg
fashionWOMENRompers_Jumpsuitsid0000103804_1front.jpg
fashionWOMENRompers_Jumpsuitsid0000103804_2side.jpg
fashionWOMENRompers_Jumpsuitsid0000103804_3back.jpg
fashionWOMENRompers_Jumpsuitsid0000103804_4full.jpg
fashionWOMENRompers_Jumpsuitsid0000104508_1front.jpg
fashionWOMENRompers_Jumpsuitsid0000104508_2side.jpg
fashionWOMENRompers_Jumpsuitsid0000104508_3back.jpg
fashionWOMENRompers_Jumpsuitsid0000104508_7additional.jpg
fashionWOMENShortsid0000584302_1front.jpg
fashionWOMENShortsid0000584302_2side.jpg
fashionWOMENShortsid0000584302_3back.jpg
fashionWOMENShortsid0000584302_7additional.jpg
fashionWOMENShortsid0000601301_1front.jpg
fashionWOMENShortsid0000601301_2side.jpg
fashionWOMENShortsid0000601301_3back.jpg
fashionWOMENShortsid0000601301_4full.jpg
fashionWOMENShortsid0000601301_7additional.jpg
fashionWOMENSkirtsid0000032804_1front.jpg
fashionWOMENSkirtsid0000032804_2side.jpg
fashionWOMENSkirtsid0000032804_3back.jpg
fashionWOMENSkirtsid0000032804_4full.jpg
fashionWOMENSkirtsid0000032804_7additional.jpg
fashionWOMENSkirtsid0000140205_1front.jpg
fashionWOMENSkirtsid0000140205_2side.jpg
fashionWOMENSkirtsid0000140205_3back.jpg
fashionWOMENSkirtsid0000140205_4full.jpg
fashionWOMENSkirtsid0000140205_7additional.jpg
fashionWOMENSkirtsid0000298603_1front.jpg
fashionWOMENSkirtsid0000298603_2side.jpg
fashionWOMENSkirtsid0000298603_3back.jpg
fashionWOMENSkirtsid0000298603_7additional.jpg
fashionWOMENSkirtsid0000464402_1front.jpg
fashionWOMENSkirtsid0000464402_2side.jpg
fashionWOMENSkirtsid0000464402_3back.jpg
fashionWOMENSkirtsid0000464402_4full.jpg
fashionWOMENSkirtsid0000464402_7additional.jpg
fashionWOMENSkirtsid0000602102_1front.jpg
fashionWOMENSkirtsid0000602102_2side.jpg
fashionWOMENSkirtsid0000602102_3back.jpg
fashionWOMENSkirtsid0000602102_4full.jpg
fashionWOMENSkirtsid0000602102_7additional.jpg
fashionWOMENSweatersid0000052005_1front.jpg
fashionWOMENSweatersid0000052005_2side.jpg
fashionWOMENSweatersid0000052005_3back.jpg
fashionWOMENSweatersid0000052005_7additional.jpg
fashionWOMENSweatersid0000169607_1front.jpg
fashionWOMENSweatersid0000169607_2side.jpg
fashionWOMENSweatersid0000169607_3back.jpg
fashionWOMENSweatersid0000169607_7additional.jpg
fashionWOMENSweatersid0000367101_1front.jpg
fashionWOMENSweatersid0000367101_2side.jpg
fashionWOMENSweatersid0000367101_3back.jpg
fashionWOMENSweatersid0000367101_4full.jpg
fashionWOMENSweatersid0000367101_7additional.jpg
fashionWOMENSweatersid0000428304_1front.jpg
fashionWOMENSweatersid0000428304_2side.jpg
fashionWOMENSweatersid0000428304_3back.jpg
fashionWOMENSweatersid0000502204_1front.jpg
fashionWOMENSweatersid0000502204_2side.jpg
fashionWOMENSweatersid0000502204_3back.jpg
fashionWOMENSweatersid0000502204_7additional.jpg
fashionWOMENSweatersid0000644104_1front.jpg
fashionWOMENSweatersid0000644104_2side.jpg
fashionWOMENSweatersid0000644104_7additional.jpg
fashionWOMENSweatersid0000684904_1front.jpg
fashionWOMENSweatersid0000684904_2side.jpg
fashionWOMENSweatersid0000684904_3back.jpg
fashionWOMENSweatersid0000684904_4full.jpg
fashionWOMENSweatersid0000711202_1front.jpg
fashionWOMENSweatersid0000711202_2side.jpg
fashionWOMENSweatersid0000711202_3back.jpg
fashionWOMENSweatersid0000711202_4full.jpg
fashionWOMENTees_Tanksid0000060204_1front.jpg
fashionWOMENTees_Tanksid0000060204_2side.jpg
fashionWOMENTees_Tanksid0000060204_3back.jpg
fashionWOMENTees_Tanksid0000060204_4full.jpg
fashionWOMENTees_Tanksid0000121211_1front.jpg
fashionWOMENTees_Tanksid0000121211_2side.jpg
fashionWOMENTees_Tanksid0000121211_3back.jpg
fashionWOMENTees_Tanksid0000121211_4full.jpg
fashionWOMENTees_Tanksid0000121211_7additional.jpg
fashionWOMENTees_Tanksid0000136815_1front.jpg
fashionWOMENTees_Tanksid0000136815_2side.jpg
fashionWOMENTees_Tanksid0000136815_3back.jpg
fashionWOMENTees_Tanksid0000136815_4full.jpg
fashionWOMENTees_Tanksid0000136815_7additional.jpg
fashionWOMENTees_Tanksid0000163405_1front.jpg
fashionWOMENTees_Tanksid0000163405_2side.jpg
fashionWOMENTees_Tanksid0000163405_7additional.jpg
fashionWOMENTees_Tanksid0000184804_1front.jpg
fashionWOMENTees_Tanksid0000184804_2side.jpg
fashionWOMENTees_Tanksid0000184804_3back.jpg
fashionWOMENTees_Tanksid0000184804_4full.jpg
fashionWOMENTees_Tanksid0000184804_7additional.jpg
fashionWOMENTees_Tanksid0000192514_1front.jpg
fashionWOMENTees_Tanksid0000192514_2side.jpg
fashionWOMENTees_Tanksid0000192514_7additional.jpg
fashionWOMENTees_Tanksid0000209403_1front.jpg
fashionWOMENTees_Tanksid0000209403_2side.jpg
fashionWOMENTees_Tanksid0000209403_3back.jpg
fashionWOMENTees_Tanksid0000209403_7additional.jpg
fashionWOMENTees_Tanksid0000217201_1front.jpg
fashionWOMENTees_Tanksid0000217201_2side.jpg
fashionWOMENTees_Tanksid0000217201_3back.jpg
fashionWOMENTees_Tanksid0000217201_4full.jpg
fashionWOMENTees_Tanksid0000250307_1front.jpg
fashionWOMENTees_Tanksid0000250307_2side.jpg
fashionWOMENTees_Tanksid0000250307_3back.jpg
fashionWOMENTees_Tanksid0000250307_7additional.jpg
fashionWOMENTees_Tanksid0000254004_1front.jpg
fashionWOMENTees_Tanksid0000254004_2side.jpg
fashionWOMENTees_Tanksid0000254004_3back.jpg
fashionWOMENTees_Tanksid0000254004_4full.jpg
fashionWOMENTees_Tanksid0000300602_1front.jpg
fashionWOMENTees_Tanksid0000300602_2side.jpg
fashionWOMENTees_Tanksid0000300602_3back.jpg
fashionWOMENTees_Tanksid0000300602_7additional.jpg
fashionWOMENTees_Tanksid0000340506_1front.jpg
fashionWOMENTees_Tanksid0000340506_2side.jpg
fashionWOMENTees_Tanksid0000340506_3back.jpg
fashionWOMENTees_Tanksid0000340506_4full.jpg
fashionWOMENTees_Tanksid0000340506_7additional.jpg
fashionWOMENTees_Tanksid0000345405_1front.jpg
fashionWOMENTees_Tanksid0000345405_2side.jpg
fashionWOMENTees_Tanksid0000345405_3back.jpg
fashionWOMENTees_Tanksid0000345405_4full.jpg
fashionWOMENTees_Tanksid0000376705_1front.jpg
fashionWOMENTees_Tanksid0000376705_2side.jpg
fashionWOMENTees_Tanksid0000376705_3back.jpg
fashionWOMENTees_Tanksid0000376705_4full.jpg
fashionWOMENTees_Tanksid0000376706_1front.jpg
fashionWOMENTees_Tanksid0000376706_2side.jpg
fashionWOMENTees_Tanksid0000376706_3back.jpg
fashionWOMENTees_Tanksid0000376706_4full.jpg
fashionWOMENTees_Tanksid0000387704_1front.jpg
fashionWOMENTees_Tanksid0000387704_2side.jpg
fashionWOMENTees_Tanksid0000387704_3back.jpg
fashionWOMENTees_Tanksid0000387704_4full.jpg
fashionWOMENTees_Tanksid0000405308_1front.jpg
fashionWOMENTees_Tanksid0000405308_2side.jpg
fashionWOMENTees_Tanksid0000405308_3back.jpg
fashionWOMENTees_Tanksid0000405308_7additional.jpg
fashionWOMENTees_Tanksid0000408301_1front.jpg
fashionWOMENTees_Tanksid0000408301_2side.jpg
fashionWOMENTees_Tanksid0000408301_4full.jpg
fashionWOMENTees_Tanksid0000408301_7additional.jpg
fashionWOMENTees_Tanksid0000508561_1front.jpg
fashionWOMENTees_Tanksid0000508561_2side.jpg
fashionWOMENTees_Tanksid0000508561_3back.jpg
fashionWOMENTees_Tanksid0000508561_4full.jpg
fashionWOMENTees_Tanksid0000530803_1front.jpg
fashionWOMENTees_Tanksid0000530803_2side.jpg
fashionWOMENTees_Tanksid0000530803_4full.jpg
fashionWOMENTees_Tanksid0000563801_1front.jpg
fashionWOMENTees_Tanksid0000563801_3back.jpg
fashionWOMENTees_Tanksid0000563801_7additional.jpg
fashionWOMENTees_Tanksid0000576107_1front.jpg
fashionWOMENTees_Tanksid0000576107_2side.jpg
fashionWOMENTees_Tanksid0000576107_3back.jpg
fashionWOMENTees_Tanksid0000576107_4full.jpg
fashionWOMENTees_Tanksid0000656603_1front.jpg
fashionWOMENTees_Tanksid0000656603_3back.jpg
fashionWOMENTees_Tanksid0000656603_4full.jpg
fashionWOMENTees_Tanksid0000656603_7additional.jpg
fashionWOMENTees_Tanksid0000660204_1front.jpg
fashionWOMENTees_Tanksid0000660204_2side.jpg
fashionWOMENTees_Tanksid0000660204_3back.jpg
fashionWOMENTees_Tanksid0000660204_4full.jpg
fashionWOMENTees_Tanksid0000727501_1front.jpg
fashionWOMENTees_Tanksid0000727501_2side.jpg
fashionWOMENTees_Tanksid0000727501_3back.jpg
fashionWOMENTees_Tanksid0000727501_7additional.jpg
fashionWOMENTees_Tanksid0000769105_1front.jpg
fashionWOMENTees_Tanksid0000769105_2side.jpg
fashionWOMENTees_Tanksid0000769105_7additional.jpg
fashionWOMENTees_Tanksid0000775601_1front.jpg
fashionWOMENTees_Tanksid0000775601_3back.jpg
fashionWOMENTees_Tanksid0000775601_7additional.jpg
